coverage_id,tiv
1,12009600.0
2,3602880.0
3,6894720.0
4,9054720.0
5,3404160.0
6,5063040.0
7,2928960.0
8,2833920.0
9,557654.4
10,1997568.0
