item_id,coverage_id,areaperil_id,vulnerability_id,group_id
1,1,9624,31,1
2,2,9624,32,2
3,3,9624,32,3
4,4,9624,31,4
5,5,9624,31,5
6,6,15736,29,6
7,7,9624,46,7
8,8,9624,45,8
9,9,9624,47,9
10,10,9624,46,10
