LocID,PerilID,CoverageTypeID,AreaPerilID,VulnerabilityID
1,QEQ,1,9624,31
2,QEQ,1,9624,32
3,QEQ,1,9624,32
4,QEQ,1,9624,31
5,QEQ,1,9624,31
6,QEQ,1,15736,29
7,QEQ,1,9624,46
8,QEQ,1,9624,45
9,QEQ,1,9624,47
10,QEQ,1,9624,46
