summary_id,type,mean,standard_deviation,exposure_value
1,1,40876.590408,492374.843667,48347224.000000
1,2,39283.440081,557084.967569,48347224.000000
