summary_id,type,return_period,loss
1,1,500.000000,1144017.375000
1,1,480.000000,1112409.625000
1,1,240.000000,599371.375000
1,1,120.000000,216819.687500
1,1,60.000000,0.000000
1,1,30.000000,0.000000
1,1,10.000000,0.000000
1,1,5.000000,0.000000
1,1,2.000000,0.000000
1,2,500.000000,1319930.000000
1,2,480.000000,1283728.750000
1,2,240.000000,568717.312500
1,2,120.000000,111578.742188
1,2,60.000000,0.000000
1,2,30.000000,0.000000
1,2,10.000000,0.000000
1,2,5.000000,0.000000
1,2,2.000000,0.000000
