summary_id,type,mean,standard_deviation,exposure_value
1,1,8793.142154,137142.459822,14354171.000000
1,2,9071.314879,157807.042878,14354171.000000
